// Jest Snapshot v1, https://goo.gl/fbAQLP

exports[`SearchBarContainer test should render 1`] = `
<Fragment>
  <WithStyles(SearchBarComponent)
    activeItem={
      Object {
        "checked": true,
        "label": "",
        "value": "",
      }
    }
    endDate={null}
    handleAddItem={[Function]}
    handleChangeSearchValue={[Function]}
    handleChangeSelect={[Function]}
    handleClear={[Function]}
    handleEndDateChange={[Function]}
    handleEnterPress={[Function]}
    handleSendRequest={[Function]}
    handleStartDateChange={[Function]}
    index={0}
    searchValue=""
    selectedValues={
      Array [
        Object {
          "checked": true,
          "label": "",
          "value": "",
        },
      ]
    }
    startDate={null}
  />
</Fragment>
`;
