// Jest Snapshot v1, https://goo.gl/fbAQLP

exports[`UserInfo test should render 1`] = `
<Connect(UserInfoScreen)
  history={
    Object {
      "action": "POP",
      "block": [Function],
      "createHref": [Function],
      "go": [Function],
      "goBack": [Function],
      "goForward": [Function],
      "length": 1,
      "listen": [Function],
      "location": Object {
        "hash": "",
        "pathname": "/tower",
        "search": "",
        "state": undefined,
      },
      "push": [Function],
      "replace": [Function],
    }
  }
  location={[Function]}
  match={
    Object {
      "params": Object {
        "uid": "",
      },
    }
  }
/>
`;
