// Jest Snapshot v1, https://goo.gl/fbAQLP

exports[`UserLabel component should render 1`] = `
<div>
  <WithStyles(Grid)
    item={true}
    style={
      Object {
        "display": "flex",
        "justifyContent": "space-between",
      }
    }
    xs={12}
  >
    <WithStyles(Typography)
      gutterBottom={true}
      style={
        Object {
          "paddingLeft": 0,
          "paddingTop": 0,
        }
      }
      variant="h6"
    >
      Labels
    </WithStyles(Typography)>
    <WithStyles(Grid)
      item={true}
    >
      <WithStyles(Button)
        disableFocusRipple={true}
        onClick={[Function]}
      >
        <pure(AddCircleOutlineIcon)
          style={
            Object {
              "color": "#979797",
              "opacity": 0.6,
            }
          }
        />
      </WithStyles(Button)>
    </WithStyles(Grid)>
  </WithStyles(Grid)>
  <WithStyles(Grid)
    container={true}
    justify="flex-start"
    spacing={16}
  >
    <WithStyles(Typography)
      gutterBottom={true}
      style={
        Object {
          "color": "#757575",
          "marginLeft": 8,
        }
      }
      variant="h6"
    >
      No labels
    </WithStyles(Typography)>
    <WithStyles(EditLabelModal)
      editLabel={[Function]}
      handleChangeLabelName={[Function]}
      handleChangeLabelScope={[Function]}
      handleChangeLabelValue={[Function]}
      modalClose={[Function]}
      name=""
      open={false}
      scope=""
      value=""
    />
    <WithStyles(EditLabelModal)
      editLabel={[Function]}
      handleChangeLabelName={[Function]}
      handleChangeLabelScope={[Function]}
      handleChangeLabelValue={[Function]}
      modalClose={[Function]}
      name=""
      open={false}
      scope=""
      value=""
    />
  </WithStyles(Grid)>
</div>
`;
