// Jest Snapshot v1, https://goo.gl/fbAQLP

exports[`UserDocument component should render 1`] = `
<Fragment>
  <WithStyles(Typography)
    gutterBottom={true}
    variant="h6"
  >
    Documents
  </WithStyles(Typography)>
  <WithStyles(Typography)
    gutterBottom={true}
    style={
      Object {
        "color": "#757575",
        "paddingBottom": 26,
        "paddingLeft": 26,
      }
    }
    variant="h6"
  >
    No documents
  </WithStyles(Typography)>
</Fragment>
`;
